Microchip MPLAB XC8 Compiler V2.00 ()

Linker command line:

-W-3 --edf=C:\Program Files (x86)\Microchip\xc8\v2.00\pic\dat\en_msgs.txt \
  -cs -h+dist/default/production\Light_Sensor.X.production.sym \
  --cmf=dist/default/production\Light_Sensor.X.production.cmf -z -Q10F220 \
  -oC:\Users\flyhi\AppData\Local\Temp\snco.2 --defsym=__MPLAB_BUILD=1 \
  -Mdist/default/production/Light_Sensor.X.production.map -E1 -ver=XC8 \
  --acfsm=1493 -ASTACK=015h-01bh -pstack=STACK -ACODE=00h-0FEh \
  -ASTRCODE=00h-0FEh -ASTRING=00h-0FEh -AENTRY=00h-0FFh-0FEh \
  -ABANK0=010h-01Dh -ARAM=010h-01Dh -AABS1=010h-01Fh -ACOMMON=01Ch-01Fh \
  -ASFR0=00h-0Fh -preset_vec=0ffh,reset_wrap=0h,init,end_init,cinit,clrtext \
  -ppowerup=CODE -pfunctab=ENTRY -ACONFIG=0FFFh-0FFFh -pconfig=CONFIG \
  -DCONFIG=2 -AIDLOC=0100h-0103h -pidloc=IDLOC -DIDLOC=2 -pstrings=-STRING \
  -DCODE=2 -DSTRCODE=2 -DSTRING=2 -DCONST=2 -DENTRY=2 -k \
  C:\Users\flyhi\AppData\Local\Temp\snco.o \
  dist/default/production\Light_Sensor.X.production.o 

Object code version is 3.11

Machine type is 10F220



                Name                               Link     Load   Length Selector   Space Scale
C:\Users\flyhi\AppData\Local\Temp\snco.o
                end_init                              0        0        1        0       0
                reset_vec                            FF       FF        1      1FE       0
                config                              FFF      FFF        1     1FFE       0
dist/default/production\Light_Sensor.X.production.o
                cinit                                 1        1        2        0       0
                jmp_tab                              FE       FE        1      1FC       0
                text1                                68       68        5        6       0
                maintext                              3        3       65        6       0
                cstackBANK0                          10       10        5       10       1

TOTAL           Name                               Link     Load   Length     Space
        CLASS   STACK          

        CLASS   CODE           
                reset_vec                            FF       FF        1         0
                text1                                68       68        5         0
                maintext                              3        3       65         0

        CLASS   STRCODE        

        CLASS   STRING         

        CLASS   ENTRY          
                end_init                              0        0        1         0
                cinit                                 1        1        2         0
                jmp_tab                              FE       FE        1         0

        CLASS   BANK0          
                cstackBANK0                          10       10        5         1

        CLASS   RAM            

        CLASS   ABS1           
                abs_s1                               1C       1C        4         1

        CLASS   COMMON         

        CLASS   SFR0           

        CLASS   CONFIG         
                config                              FFF      FFF        1         0

        CLASS   IDLOC          

        CLASS   CONST          



SEGMENTS        Name                           Load    Length   Top    Selector   Space  Class     Delta

                reset_wrap                     000000  000003  000003         0       0  ENTRY       2
                maintext                       000003  00006A  00006D         6       0  CODE        2
                cstackBANK0                    000010  000005  000015        10       1  BANK0       1
                jmp_tab                        0000FE  000001  0000FF       1FC       0  ENTRY       2
                reset_vec                      0000FF  000001  000100       1FE       0  CODE        2
                config                         000FFF  000001  001000      1FFE       0  CONFIG      2


UNUSED ADDRESS RANGES

        Name                Unused          Largest block    Delta
        BANK0            0015-001B              7           1
        CODE             006D-00FD             91           2
        ENTRY            006D-00FD             91           2
        IDLOC            0100-0103              4           2
        RAM              0015-001B              7           1
        SFR0             0000-000F             10           1
        STACK            0015-001B              7           1
        STRCODE          006D-00FD             91           2
        STRING           006D-00FD             91           2

                                  Symbol Table

?_getLightValue          cstackBANK0  0010
_ADCON0                  (abs)        0007
_ADCON0bits              (abs)        0007
_ADRES                   (abs)        0008
_GPIO                    (abs)        0006
_TRISGPIO                (abs)        0006
__CFG_CP$OFF             (abs)        0000
__CFG_IOSCFS$8MHZ        (abs)        0000
__CFG_MCLRE$ON           (abs)        0000
__CFG_MCPU$ON            (abs)        0000
__CFG_WDTE$OFF           (abs)        0000
__Habs1                  abs1         0000
__Hbank0                 bank0        0000
__Hcinit                 cinit        0003
__Hclrtext               clrtext      0003
__Hcode                  code         0000
__Hcommon                common       0000
__Hconfig                config       1000
__HcstackBANK0           cstackBANK0  0000
__HcstackCOMMON          cstackCOMMON 0000
__Hend_init              end_init     0001
__Hfunctab               functab      0000
__Hidloc                 idloc        0000
__Hinit                  init         0000
__Hjmp_tab               jmp_tab      0000
__Hmaintext              maintext     0000
__Hpowerup               powerup      0000
__Hram                   ram          0000
__Hreset_vec             reset_vec    0100
__Hreset_wrap            reset_wrap   0000
__Hsfr0                  sfr0         0000
__Hspace_0               (abs)        1000
__Hspace_1               (abs)        0015
__Hspace_2               (abs)        0000
__Hstack                 stack        0000
__Hstrings               strings      0000
__Htext                  text         0000
__Labs1                  abs1         0000
__Lbank0                 bank0        0000
__Lcinit                 cinit        0001
__Lclrtext               clrtext      0003
__Lcode                  code         0000
__Lcommon                common       0000
__Lconfig                config       0FFF
__LcstackBANK0           cstackBANK0  0000
__LcstackCOMMON          cstackCOMMON 0000
__Lend_init              end_init     0000
__Lfunctab               functab      0000
__Lidloc                 idloc        0000
__Linit                  init         0000
__Ljmp_tab               jmp_tab      0000
__Lmaintext              maintext     0000
__Lpowerup               powerup      0000
__Lram                   ram          0000
__Lreset_vec             reset_vec    00FF
__Lreset_wrap            reset_wrap   0000
__Lsfr0                  sfr0         0000
__Lspace_0               (abs)        0000
__Lspace_1               (abs)        0000
__Lspace_2               (abs)        0000
__Lstack                 stack        0000
__Lstrings               strings      0000
__Ltext                  text         0000
__S0                     (abs)        1000
__S1                     (abs)        0015
__S2                     (abs)        0000
___int_sp                stack        0000
___latbits               (abs)        0000
___sp                    stack        0000
__end_of__initialization cinit        0001
__end_of_getLightValue   text1        006D
__end_of_main            maintext     0068
__initialization         cinit        0001
__pcstackBANK0           cstackBANK0  0010
__pcstackCOMMON          cstackCOMMON 0000
__pjmp_tab               jmp_tab      00FE
__pmaintext              maintext     0003
__ptext1                 text1        0068
__size_of_getLightValue  (abs)        0000
__size_of_main           (abs)        0000
_getLightValue           text1        0068
_main                    maintext     0003
btemp                    (abs)        001C
end_of_initialization    cinit        0001
entry__getLightValue     jmp_tab      00FE
ltemp0                   (abs)        001C
main@count               cstackBANK0  0014
main@currentValue        cstackBANK0  0013
main@startValue          cstackBANK0  0012
reset_vec                reset_vec    00FF
stackhi                  (abs)        0000
stacklo                  (abs)        0000
start                    init         0000
start_initialization     cinit        0001
ttemp0                   (abs)        001C
wtemp0                   (abs)        001C
wtemp1                   (abs)        001E


FUNCTION INFORMATION:

 *************** function _main *****************
 Defined at:
		line 29 in file "main.c"
 Parameters:    Size  Location     Type
		None
 Auto vars:     Size  Location     Type
  currentValue    1    3[BANK0 ] unsigned char 
  count           1    4[BANK0 ] unsigned char 
  startValue      1    2[BANK0 ] unsigned char 
 Return value:  Size  Location     Type
                  1   17[None  ] void 
 Registers used:
		wreg, fsr0l, fsr0h, status,2, status,0, btemp+0, btemp+1, btemp+2, btemp+3, pclath, cstack
 Tracked objects:
		On entry : 
		On exit  : 
		Unchanged: 
 Data sizes:     COMMON   BANK0
      Params:         0       0
      Locals:         0       3
      Temps:          0       1
      Totals:         0       4
Total ram usage:        4 bytes
 Hardware stack levels required when called:    1
 This function calls:
		_getLightValue
 This function is called by:
		Startup code after reset
 This function uses a non-reentrant model


 *************** function _getLightValue *****************
 Defined at:
		line 23 in file "main.c"
 Parameters:    Size  Location     Type
		None
 Auto vars:     Size  Location     Type
		None
 Return value:  Size  Location     Type
                  1    0[BANK0 ] unsigned char 
 Registers used:
		wreg, fsr0l, fsr0h, status,2
 Tracked objects:
		On entry : 
		On exit  : 
		Unchanged: 
 Data sizes:     COMMON   BANK0
      Params:         0       1
      Locals:         0       0
      Temps:          0       0
      Totals:         0       1
Total ram usage:        1 bytes
 Hardware stack levels used:    1
 This function calls:
		Nothing
 This function is called by:
		_main
 This function uses a non-reentrant model



MODULE INFORMATION

Module		Function		Class		Link	Load	Size
shared
		__initialization		ENTRY          	0001	0000	1

shared estimated size: 1

main.c
		_getLightValue 		CODE           	0068	0000	6
		_main          		CODE           	0003	0000	102

main.c estimated size: 108

